
[ERROR] COMPILATION ERROR : 
[ERROR] C:\Silvere\Encours\Developpement\Episteme\episteme-natural\src\main\java\org\episteme\natural\biology\Individua
l.java:[365,73] error: cannot access Field
[ERROR] C:\Silvere\Encours\Developpement\Episteme\episteme-natural\src\main\java\org\episteme\natural\biology\Individua
l.java:[370,19] error: cannot access FieldElement
[ERROR] C:\Silvere\Encours\Developpement\Episteme\episteme-natural\src\main\java\org\episteme\natural\engineering\event
driven\EventDrivenEngine.java:[199,51] error: package org.episteme.core.mathematics.numerical.ode does not exist
[ERROR] C:\Silvere\Encours\Developpement\Episteme\episteme-natural\src\main\java\org\episteme\natural\engineering\event
driven\EventDrivenEngine.java:[199,134] error: package org.episteme.core.mathematics.numerical.ode.providers does not 
exist
[ERROR] C:\Silvere\Encours\Developpement\Episteme\episteme-natural\src\main\java\org\episteme\natural\physics\classical
\mechanics\Particle.java:[86,24] error: cannot access Module
[ERROR] C:\Silvere\Encours\Developpement\Episteme\episteme-natural\src\main\java\org\episteme\natural\physics\classical
\mechanics\Particle.java:[88,25] error: cannot access InfiniteSet
[ERROR] C:\Silvere\Encours\Developpement\Episteme\episteme-natural\src\main\java\org\episteme\natural\physics\classical
\mechanics\Particle.java:[87,43] error: cannot access Ring
[ERROR] C:\Silvere\Encours\Developpement\Episteme\episteme-natural\src\main\java\org\episteme\natural\physics\classical
\mechanics\Particle.java:[102,41] error: cannot access InfiniteSet
[ERROR] C:\Silvere\Encours\Developpement\Episteme\episteme-natural\src\main\java\org\episteme\natural\physics\classical
\mechanics\Particle.java:[102,26] error: cannot access GenericVector
[ERROR] C:\Silvere\Encours\Developpement\Episteme\episteme-natural\src\main\java\org\episteme\natural\physics\classical
\mechanics\Particle.java:[106,52] error: cannot access InfiniteSet
[ERROR] C:\Silvere\Encours\Developpement\Episteme\episteme-natural\src\main\java\org\episteme\natural\biology\loaders\P
DBParser.java:[124,32] error: no suitable constructor found for Atom(Element,Vector3D)
[ERROR] C:\Silvere\Encours\Developpement\Episteme\episteme-natural\src\main\java\org\episteme\natural\biology\loaders\P
DBReader.java:[166,28] error: no suitable method found for of(List<Real>,Reals)
[ERROR] C:\Silvere\Encours\Developpement\Episteme\episteme-natural\src\main\java\org\episteme\natural\biology\loaders\p
dbml\PDBMLBridge.java:[65,69] error: method of in class DenseVector<E#2> cannot be applied to given types;
[ERROR] C:\Silvere\Encours\Developpement\Episteme\episteme-natural\src\main\java\org\episteme\natural\biology\loaders\s
bml\SBMLModel.java:[255,31] error: cannot access RealDoubleMatrixStorage
[ERROR] C:\Silvere\Encours\Developpement\Episteme\episteme-natural\src\main\java\org\episteme\natural\chemistry\Molecul
arDynamics.java:[120,32] error: no suitable method found for of(List<Real>,Reals)
[ERROR] C:\Silvere\Encours\Developpement\Episteme\episteme-natural\src\main\java\org\episteme\natural\chemistry\Molecul
arDynamics.java:[123,32] error: no suitable method found for of(List<Real>,Reals)
[ERROR] C:\Silvere\Encours\Developpement\Episteme\episteme-natural\src\main\java\org\episteme\natural\chemistry\Molecul
arDynamics.java:[128,29] error: no suitable method found for of(List<Real>,Reals)
[ERROR] C:\Silvere\Encours\Developpement\Episteme\episteme-natural\src\main\java\org\episteme\natural\chemistry\Molecul
arGraph.java:[43,7] error: cannot access VertexVisitor
[ERROR] C:\Silvere\Encours\Developpement\Episteme\episteme-natural\src\main\java\org\episteme\natural\chemistry\SmilesP
arser.java:[88,103] error: method of in class DenseVector<E#2> cannot be applied to given types;
[ERROR] C:\Silvere\Encours\Developpement\Episteme\episteme-natural\src\main\java\org\episteme\natural\chemistry\computa
tional\quantum\DIISSubspace.java:[93,36] error: cannot access GenericMatrix
[ERROR] C:\Silvere\Encours\Developpement\Episteme\episteme-natural\src\main\java\org\episteme\natural\chemistry\computa
tional\quantum\DIISSubspace.java:[100,36] error: no suitable method found for of(Real[][],Reals)
[ERROR] C:\Silvere\Encours\Developpement\Episteme\episteme-natural\src\main\java\org\episteme\natural\chemistry\computa
tional\quantum\DIISSubspace.java:[135,26] error: no suitable method found for of(Real[][],Reals)
[ERROR] C:\Silvere\Encours\Developpement\Episteme\episteme-natural\src\main\java\org\episteme\natural\chemistry\computa
tional\quantum\HartreeFockSCFMethod.java:[224,35] error: no suitable method found for of(Real[][],Reals)
[ERROR] C:\Silvere\Encours\Developpement\Episteme\episteme-natural\src\main\java\org\episteme\natural\chemistry\computa
tional\quantum\HartreeFockSCFMethod.java:[225,40] error: no suitable method found for of(Real[][],Reals)
[ERROR] C:\Silvere\Encours\Developpement\Episteme\episteme-natural\src\main\java\org\episteme\natural\chemistry\computa
tional\quantum\HartreeFockSCFMethod.java:[250,26] error: no suitable method found for of(Real[][],Reals)
[ERROR] C:\Silvere\Encours\Developpement\Episteme\episteme-natural\src\main\java\org\episteme\natural\chemistry\computa
tional\quantum\HartreeFockSCFMethod.java:[284,26] error: no suitable method found for of(Real[][],Reals)
[ERROR] C:\Silvere\Encours\Developpement\Episteme\episteme-natural\src\main\java\org\episteme\natural\chemistry\computa
tional\quantum\HartreeFockSCFMethod.java:[290,26] error: no suitable method found for of(Real[][],Reals)
[ERROR] C:\Silvere\Encours\Developpement\Episteme\episteme-natural\src\main\java\org\episteme\natural\chemistry\computa
tional\quantum\HartreeFockSCFMethod.java:[299,26] error: no suitable method found for of(Real[][],Reals)
[ERROR] C:\Silvere\Encours\Developpement\Episteme\episteme-natural\src\main\java\org\episteme\natural\chemistry\loaders
\ChemistryDataReader.java:[265,20] error: no suitable method found for of(List<Real>,Reals)
[ERROR] C:\Silvere\Encours\Developpement\Episteme\episteme-natural\src\main\java\org\episteme\natural\chemistry\loaders
\animl\AnIMLSeriesData.java:[179,35] error: cannot access RealDoubleVectorStorage
[ERROR] C:\Silvere\Encours\Developpement\Episteme\episteme-natural\src\main\java\org\episteme\natural\chemistry\loaders
\cml\CMLBridge.java:[129,23] error: method of in class DenseVector<E#2> cannot be applied to given types;
[ERROR] C:\Silvere\Encours\Developpement\Episteme\episteme-natural\src\main\java\org\episteme\natural\chemistry\polymer
\Polymer.java:[159,55] error: no suitable constructor found for Atom(Element,Vector3D)
[ERROR] C:\Silvere\Encours\Developpement\Episteme\episteme-natural\src\main\java\org\episteme\natural\computing\ai\agen
ts\services\YellowPages.java:[116,16] error: cannot access SearchResult
[ERROR] C:\Silvere\Encours\Developpement\Episteme\episteme-natural\src\main\java\org\episteme\natural\computing\ai\evol
utionary\RealChromosome.java:[47,36] error: cannot access Relation
[ERROR] C:\Silvere\Encours\Developpement\Episteme\episteme-natural\src\main\java\org\episteme\natural\device\sim\Simula
tedCentrifuge.java:[41,7] error: cannot access Record
[ERROR] C:\Silvere\Encours\Developpement\Episteme\episteme-natural\src\main\java\org\episteme\natural\device\sim\Simula
tedHumidityProbe.java:[40,7] error: SimulatedHumidityProbe is not abstract and does not override abstract method 
getHistory() in Device
[ERROR] C:\Silvere\Encours\Developpement\Episteme\episteme-natural\src\main\java\org\episteme\natural\device\sim\Simula
tedMicroscope.java:[40,7] error: SimulatedMicroscope is not abstract and does not override abstract method 
getHistory() in Device
[ERROR] C:\Silvere\Encours\Developpement\Episteme\episteme-natural\src\main\java\org\episteme\natural\device\sim\Simula
tedMultimeter.java:[39,7] error: SimulatedMultimeter is not abstract and does not override abstract method 
getHistory() in Device
[ERROR] C:\Silvere\Encours\Developpement\Episteme\episteme-natural\src\main\java\org\episteme\natural\device\sim\Simula
tedOscilloscope.java:[41,7] error: SimulatedOscilloscope is not abstract and does not override abstract method 
getHistory() in Device
[ERROR] C:\Silvere\Encours\Developpement\Episteme\episteme-natural\src\main\java\org\episteme\natural\device\sim\Simula
tedPHMeter.java:[40,7] error: SimulatedPHMeter is not abstract and does not override abstract method getHistory() in 
Device
[ERROR] C:\Silvere\Encours\Developpement\Episteme\episteme-natural\src\main\java\org\episteme\natural\device\sim\Simula
tedPressureGauge.java:[40,7] error: SimulatedPressureGauge is not abstract and does not override abstract method 
getHistory() in Device
[ERROR] C:\Silvere\Encours\Developpement\Episteme\episteme-natural\src\main\java\org\episteme\natural\device\sim\Simula
tedSeismograph.java:[40,7] error: SimulatedSeismograph is not abstract and does not override abstract method 
getHistory() in Device
[ERROR] C:\Silvere\Encours\Developpement\Episteme\episteme-natural\src\main\java\org\episteme\natural\device\sim\Simula
tedSpectrometer.java:[41,7] error: SimulatedSpectrometer is not abstract and does not override abstract method 
getHistory() in Device
[ERROR] C:\Silvere\Encours\Developpement\Episteme\episteme-natural\src\main\java\org\episteme\natural\device\sim\Simula
tedTelescope.java:[40,7] error: SimulatedTelescope is not abstract and does not override abstract method getHistory() 
in Device
[ERROR] C:\Silvere\Encours\Developpement\Episteme\episteme-natural\src\main\java\org\episteme\natural\device\sim\Simula
tedTemperatureProbe.java:[40,7] error: SimulatedTemperatureProbe is not abstract and does not override abstract method 
getHistory() in Device
[ERROR] C:\Silvere\Encours\Developpement\Episteme\episteme-natural\src\main\java\org\episteme\natural\device\sim\Simula
tedVitalSignsMonitor.java:[40,7] error: SimulatedVitalSignsMonitor is not abstract and does not override abstract 
method getHistory() in Device
[ERROR] C:\Silvere\Encours\Developpement\Episteme\episteme-natural\src\main\java\org\episteme\natural\device\sim\Simula
tedWeatherStation.java:[42,7] error: SimulatedWeatherStation is not abstract and does not override abstract method 
getHistory() in Device
[ERROR] C:\Silvere\Encours\Developpement\Episteme\episteme-natural\src\main\java\org\episteme\natural\engineering\robot
ics\Kinematics.java:[68,21] error: no suitable method found for of(List<Real>,Reals)
[ERROR] C:\Silvere\Encours\Developpement\Episteme\episteme-natural\src\main\java\org\episteme\natural\engineering\robot
ics\Kinematics.java:[93,26] error: no suitable method found for of(List<List<Real>>,Reals)
[ERROR] C:\Silvere\Encours\Developpement\Episteme\episteme-natural\src\main\java\org\episteme\natural\engineering\robot
ics\Kinematics.java:[100,21] error: no suitable method found for of(List<Real>,Reals)
[ERROR] C:\Silvere\Encours\Developpement\Episteme\episteme-natural\src\main\java\org\episteme\natural\engineering\robot
ics\Kinematics.java:[123,26] error: no suitable method found for of(List<List<Real>>,Reals)
[ERROR] C:\Silvere\Encours\Developpement\Episteme\episteme-natural\src\main\java\org\episteme\natural\physics\astronomy
\ArtificialSatellite.java:[112,25] error: method of in class DenseVector<E#2> cannot be applied to given types;
[ERROR] C:\Silvere\Encours\Developpement\Episteme\episteme-natural\src\main\java\org\episteme\natural\physics\astronomy
\ArtificialSatellite.java:[113,25] error: method of in class DenseVector<E#2> cannot be applied to given types;
[ERROR] C:\Silvere\Encours\Developpement\Episteme\episteme-natural\src\main\java\org\episteme\natural\physics\astronomy
\AstronomyConstants.java:[116,41] error: cannot access MathConstants
[ERROR] C:\Silvere\Encours\Developpement\Episteme\episteme-natural\src\main\java\org\episteme\natural\physics\astronomy
\OrbitalElements.java:[143,38] error: method of in class DenseVector<E#2> cannot be applied to given types;
[ERROR] C:\Silvere\Encours\Developpement\Episteme\episteme-natural\src\main\java\org\episteme\natural\physics\astronomy
\OrbitalElements.java:[144,38] error: method of in class DenseVector<E#2> cannot be applied to given types;
[ERROR] C:\Silvere\Encours\Developpement\Episteme\episteme-natural\src\main\java\org\episteme\natural\physics\astronomy
\Perturbations.java:[86,21] error: no suitable method found for of(List<Real>,Reals)
[ERROR] C:\Silvere\Encours\Developpement\Episteme\episteme-natural\src\main\java\org\episteme\natural\physics\astronomy
\SolarSystemReader.java:[131,16] error: method of in class DenseVector<E#2> cannot be applied to given types;
[ERROR] C:\Silvere\Encours\Developpement\Episteme\episteme-natural\src\main\java\org\episteme\natural\physics\astronomy
\SolarSystemReader.java:[133,16] error: method of in class DenseVector<E#2> cannot be applied to given types;
[ERROR] C:\Silvere\Encours\Developpement\Episteme\episteme-natural\src\main\java\org\episteme\natural\physics\astronomy
\SolarSystemReader.java:[235,26] error: method of in class DenseVector<E#2> cannot be applied to given types;
[ERROR] C:\Silvere\Encours\Developpement\Episteme\episteme-natural\src\main\java\org\episteme\natural\physics\astronomy
\StarCatalog.java:[104,32] error: method of in class DenseVector<E#2> cannot be applied to given types;
[ERROR] C:\Silvere\Encours\Developpement\Episteme\episteme-natural\src\main\java\org\episteme\natural\physics\astronomy
\StarCatalog.java:[105,32] error: method of in class DenseVector<E#2> cannot be applied to given types;
[ERROR] C:\Silvere\Encours\Developpement\Episteme\episteme-natural\src\main\java\org\episteme\natural\physics\astronomy
\mechanics\EphemerisCalculator.java:[302,78] error: method of in class DenseVector<E#2> cannot be applied to given 
types;
[ERROR] C:\Silvere\Encours\Developpement\Episteme\episteme-natural\src\main\java\org\episteme\natural\physics\classical
\mechanics\Kinematics.java:[178,65] error: no suitable method found for of(List<Real>,Reals)
[ERROR] C:\Silvere\Encours\Developpement\Episteme\episteme-natural\src\main\java\org\episteme\natural\physics\classical
\mechanics\ProjectileMotion.java:[167,26] error: method of in class DenseVector<E#2> cannot be applied to given types;
[ERROR] C:\Silvere\Encours\Developpement\Episteme\episteme-natural\src\main\java\org\episteme\natural\physics\classical
\mechanics\ProjectileMotion.java:[179,26] error: method of in class DenseVector<E#2> cannot be applied to given types;
[ERROR] C:\Silvere\Encours\Developpement\Episteme\episteme-natural\src\main\java\org\episteme\natural\physics\classical
\mechanics\ProjectileMotion.java:[226,26] error: no suitable method found for of(Real[][],Reals)
[ERROR] C:\Silvere\Encours\Developpement\Episteme\episteme-natural\src\main\java\org\episteme\natural\physics\classical
\mechanics\ProjectileMotion.java:[237,26] error: method of in class DenseVector<E#2> cannot be applied to given types;
[ERROR] C:\Silvere\Encours\Developpement\Episteme\episteme-natural\src\main\java\org\episteme\natural\physics\classical
\mechanics\collision\CollisionDetector.java:[180,24] error: incompatible types: Vector3D cannot be converted to 
Vector<Real>
[ERROR] C:\Silvere\Encours\Developpement\Episteme\episteme-natural\src\main\java\org\episteme\natural\physics\classical
\mechanics\collision\CollisionDetector.java:[186,53] error: incompatible types: Vector3D cannot be converted to 
Vector<Real>
[ERROR] C:\Silvere\Encours\Developpement\Episteme\episteme-natural\src\main\java\org\episteme\natural\physics\classical
\mechanics\collision\CollisionDetector.java:[195,24] error: incompatible types: Vector3D cannot be converted to 
Vector<Real>
[ERROR] C:\Silvere\Encours\Developpement\Episteme\episteme-natural\src\main\java\org\episteme\natural\physics\classical
\mechanics\collision\RigidBody.java:[87,65] error: no suitable method found for of(List<Real>,Reals)
[ERROR] C:\Silvere\Encours\Developpement\Episteme\episteme-natural\src\main\java\org\episteme\natural\physics\classical
\mechanics\collision\RigidBody.java:[128,65] error: no suitable method found for of(List<Real>,Reals)
[ERROR] C:\Silvere\Encours\Developpement\Episteme\episteme-natural\src\main\java\org\episteme\natural\physics\classical
\mechanics\collision\RigidBody.java:[163,65] error: no suitable method found for of(List<List<Real>>,Reals)
[ERROR] C:\Silvere\Encours\Developpement\Episteme\episteme-natural\src\main\java\org\episteme\natural\physics\classical
\mechanics\collision\RigidBody.java:[176,65] error: no suitable method found for of(List<Real>,Reals)
[ERROR] C:\Silvere\Encours\Developpement\Episteme\episteme-natural\src\main\java\org\episteme\natural\physics\classical
\mechanics\collision\RigidBody.java:[277,86] error: cannot access SphereShape
[ERROR] C:\Silvere\Encours\Developpement\Episteme\episteme-natural\src\main\java\org\episteme\natural\physics\classical
\mechanics\collision\CollisionSimulation.java:[166,26] error: method of in class DenseVector<E#2> cannot be applied to 
given types;
[ERROR] C:\Silvere\Encours\Developpement\Episteme\episteme-natural\src\main\java\org\episteme\natural\physics\classical
\mechanics\nbody\providers\DistributedNBodyProvider.java:[53,55] error: package 
org.episteme.core.technical.backend.distributed does not exist
[ERROR] C:\Silvere\Encours\Developpement\Episteme\episteme-natural\src\main\java\org\episteme\natural\physics\classical
\mechanics\nbody\providers\DistributedNBodyProvider.java:[53,118] error: package org.episteme.core.mathematics.context 
does not exist
[ERROR] C:\Silvere\Encours\Developpement\Episteme\episteme-natural\src\main\java\org\episteme\natural\physics\classical
\mechanics\nbody\providers\DistributedNBodyProvider.java:[66,56] error: cannot access MPIDistributedContext
[ERROR] C:\Silvere\Encours\Developpement\Episteme\episteme-natural\src\main\java\org\episteme\natural\physics\classical
\mechanics\nbody\providers\DistributedNBodyProvider.java:[163,61] error: cannot access LocalDistributedContext
[ERROR] C:\Silvere\Encours\Developpement\Episteme\episteme-natural\src\main\java\org\episteme\natural\physics\classical
\waves\electromagnetism\circuit\Circuit.java:[585,36] error: no suitable method found for of(List<List<Real>>,Reals)
[ERROR] C:\Silvere\Encours\Developpement\Episteme\episteme-natural\src\main\java\org\episteme\natural\physics\classical
\waves\electromagnetism\circuit\Circuit.java:[599,25] error: cannot access VectorStorage
[ERROR] C:\Silvere\Encours\Developpement\Episteme\episteme-natural\src\main\java\org\episteme\natural\physics\classical
\waves\electromagnetism\circuit\Circuit.java:[602,109] error: package 
org.episteme.core.mathematics.linearalgebra.providers does not exist
[ERROR] C:\Silvere\Encours\Developpement\Episteme\episteme-natural\src\main\java\org\episteme\natural\physics\classical
\waves\electromagnetism\circuit\Circuit.java:[604,37] error: cannot access QRResult
[ERROR] C:\Silvere\Encours\Developpement\Episteme\episteme-natural\src\main\java\org\episteme\natural\physics\loaders\H
orizonsEphemerisReader.java:[159,141] error: no suitable method found for of(List<Real>,Reals)
[ERROR] C:\Silvere\Encours\Developpement\Episteme\episteme-natural\src\main\java\org\episteme\natural\physics\loaders\H
orizonsEphemerisReader.java:[161,141] error: no suitable method found for of(List<Real>,Reals)
[ERROR] C:\Silvere\Encours\Developpement\Episteme\episteme-natural\src\main\java\org\episteme\natural\physics\loaders\S
tarCatalogLoader.java:[124,31] error: method of in class DenseVector<E#2> cannot be applied to given types;
[ERROR] C:\Silvere\Encours\Developpement\Episteme\episteme-natural\src\main\java\org\episteme\natural\physics\loaders\S
tarCatalogLoader.java:[125,31] error: method of in class DenseVector<E#2> cannot be applied to given types;
[ERROR] C:\Silvere\Encours\Developpement\Episteme\episteme-natural\src\main\java\org\episteme\natural\physics\loaders\V
izieRReader.java:[52,59] error: cannot access Episteme
[ERROR] C:\Silvere\Encours\Developpement\Episteme\episteme-natural\src\main\java\org\episteme\natural\physics\nuclear\D
ecayChain.java:[156,51] error: method of in class DenseVector<E#2> cannot be applied to given types;
[ERROR] C:\Silvere\Encours\Developpement\Episteme\episteme-natural\src\main\java\org\episteme\natural\physics\nuclear\D
ecayChain.java:[182,51] error: method of in class DenseVector<E#2> cannot be applied to given types;
[ERROR] C:\Silvere\Encours\Developpement\Episteme\episteme-natural\src\main\java\org\episteme\natural\physics\quantum\B
raKet.java:[23,63] error: no suitable method found for of(List<Complex>,Complexes)
[ERROR] C:\Silvere\Encours\Developpement\Episteme\episteme-natural\src\main\java\org\episteme\natural\physics\quantum\B
raKet.java:[49,76] error: no suitable method found for of(List<Complex>,Complexes)
[ERROR] C:\Silvere\Encours\Developpement\Episteme\episteme-natural\src\main\java\org\episteme\natural\physics\quantum\B
raKet.java:[77,76] error: no suitable method found for of(List<Complex>,Complexes)
[ERROR] C:\Silvere\Encours\Developpement\Episteme\episteme-natural\src\main\java\org\episteme\natural\physics\quantum\D
ensityMatrix.java:[79,72] error: cannot find symbol
[ERROR] C:\Silvere\Encours\Developpement\Episteme\episteme-natural\src\main\java\org\episteme\natural\physics\quantum\D
ensityMatrix.java:[80,35] error: cannot find symbol
[ERROR] C:\Silvere\Encours\Developpement\Episteme\episteme-natural\src\main\java\org\episteme\natural\physics\quantum\D
ensityMatrix.java:[92,33] error: cannot access MatrixStorage
[ERROR] C:\Silvere\Encours\Developpement\Episteme\episteme-natural\src\main\java\org\episteme\natural\physics\quantum\D
ensityMatrix.java:[108,24] error: cannot find symbol
[ERROR] C:\Silvere\Encours\Developpement\Episteme\episteme-natural\src\main\java\org\episteme\natural\physics\quantum\D
ensityMatrix.java:[115,34] error: cannot find symbol
[ERROR] Failed to execute goal org.apache.maven.plugins:maven-compiler-plugin:3.13.0:compile (default-compile) on 
project episteme-natural: Compilation failure: Compilation failure: 
[ERROR]   class file for org.episteme.core.mathematics.structures.rings.Field not found
[ERROR]   class file for org.episteme.core.mathematics.structures.rings.FieldElement not found
[ERROR]   class file for org.episteme.core.mathematics.structures.spaces.Module not found
[ERROR]   bad class file: C:\Silvere\Encours\Developpement\Episteme\episteme-core\target\classes\org\episteme\core\math
ematics\structures\sets\InfiniteSet.class
[ERROR]     unable to access file: java.nio.file.NoSuchFileException: C:\Silvere\Encours\Developpement\Episteme\epistem
e-core\target\classes\org\episteme\core\mathematics\structures\sets\InfiniteSet.class
[ERROR]     Please remove or make sure it appears in the correct subdirectory of the classpath.
[ERROR]   class file for org.episteme.core.mathematics.structures.rings.Ring not found
[ERROR]   bad class file: C:\Silvere\Encours\Developpement\Episteme\episteme-core\target\classes\org\episteme\core\math
ematics\linearalgebra\vectors\GenericVector.class
[ERROR]     unable to access file: java.nio.file.NoSuchFileException: C:\Silvere\Encours\Developpement\Episteme\epistem
e-core\target\classes\org\episteme\core\mathematics\linearalgebra\vectors\GenericVector.class
[ERROR]     constructor Atom.Atom(Element,Vector<Real>) is not applicable
[ERROR]       (argument mismatch; Vector3D cannot be converted to Vector<Real>)
[ERROR]     constructor Atom.Atom(Isotope,Vector<Real>) is not applicable
[ERROR]       (argument mismatch; Element cannot be converted to Isotope)
[ERROR]     method Vector.<E#1>of(List<E#1>,Ring<E#1>) is not applicable
[ERROR]       (cannot infer type-variable(s) E#1,T
[ERROR]         (argument mismatch; Reals cannot be converted to Ring<E#1>))
[ERROR]     method Vector.<E#2>of(E#2[],Ring<E#2>) is not applicable
[ERROR]       (cannot infer type-variable(s) E#2
[ERROR]         (argument mismatch; no instance(s) of type variable(s) T exist so that List<T> conforms to E#2[]))
[ERROR]     method Vector.<E#3>of(Ring<E#3>,E#3...) is not applicable
[ERROR]       (cannot infer type-variable(s) E#3
[ERROR]         (argument mismatch; no instance(s) of type variable(s) T exist so that List<T> conforms to Ring<E#3>))
[ERROR]   where E#1,T,E#2,E#3 are type-variables:
[ERROR]     E#1 extends Object declared in method <E#1>of(List<E#1>,Ring<E#1>)
[ERROR]     T extends Object declared in method <T>asList(T...)
[ERROR]     E#2 extends Object declared in method <E#2>of(E#2[],Ring<E#2>)
[ERROR]     E#3 extends Object declared in method <E#3>of(Ring<E#3>,E#3...)
[ERROR]   required: List<E#1>,Ring<E#1>
[ERROR]   found:    List<Real>,Reals
[ERROR]   reason: cannot infer type-variable(s) E#1,E#3
[ERROR]     (argument mismatch; Reals cannot be converted to Ring<E#1>)
[ERROR]   where E#1,E#2,E#3 are type-variables:
[ERROR]     E#2 extends Object declared in class DenseVector
[ERROR]     E#3 extends Object declared in method <E#3>of(E#3,E#3,E#3)
[ERROR]   class file for org.episteme.core.mathematics.linearalgebra.matrices.storage.RealDoubleMatrixStorage not found
[ERROR]   class file for org.episteme.core.mathematics.discrete.graph.VertexVisitor not found
[ERROR]   reason: cannot infer type-variable(s) E#1,T
[ERROR]   where E#1,E#2,T are type-variables:
[ERROR]   bad class file: C:\Silvere\Encours\Developpement\Episteme\episteme-core\target\classes\org\episteme\core\math
ematics\linearalgebra\matrices\GenericMatrix.class
[ERROR]     unable to access file: java.nio.file.NoSuchFileException: C:\Silvere\Encours\Developpement\Episteme\epistem
e-core\target\classes\org\episteme\core\mathematics\linearalgebra\matrices\GenericMatrix.class
[ERROR]     method DenseMatrix.<E#1>of(E#1[][],Ring<E#1>) is not applicable
[ERROR]       (cannot infer type-variable(s) E#1
[ERROR]     method DenseMatrix.<E#2>of(List<List<E#2>>,Ring<E#2>) is not applicable
[ERROR]         (argument mismatch; Real[][] cannot be converted to List<List<E#2>>))
[ERROR]   where E#1,E#2 are type-variables:
[ERROR]     E#1 extends Object declared in method <E#1>of(E#1[][],Ring<E#1>)
[ERROR]     E#2 extends Object declared in method <E#2>of(List<List<E#2>>,Ring<E#2>)
[ERROR]   class file for org.episteme.core.mathematics.linearalgebra.vectors.storage.RealDoubleVectorStorage not found
[ERROR]   reason: cannot infer type-variable(s) E#1
[ERROR]   bad class file: C:\Silvere\Encours\Developpement\Episteme\episteme-core\target\classes\org\episteme\core\math
ematics\ml\generative\EmbeddingStore$SearchResult.class
[ERROR]     unable to access file: java.nio.file.NoSuchFileException: C:\Silvere\Encours\Developpement\Episteme\epistem
e-core\target\classes\org\episteme\core\mathematics\ml\generative\EmbeddingStore$SearchResult.class
[ERROR]   bad class file: C:\Silvere\Encours\Developpement\Episteme\episteme-core\target\classes\org\episteme\core\math
ematics\analysis\Relation.class
[ERROR]     unable to access file: java.nio.file.NoSuchFileException: C:\Silvere\Encours\Developpement\Episteme\epistem
e-core\target\classes\org\episteme\core\mathematics\analysis\Relation.class
[ERROR]   bad class file: C:\Silvere\Encours\Developpement\Episteme\episteme-core\target\classes\org\episteme\core\devi
ce\AbstractDevice$Record.class
[ERROR]     unable to access file: java.nio.file.NoSuchFileException: C:\Silvere\Encours\Developpement\Episteme\epistem
e-core\target\classes\org\episteme\core\device\AbstractDevice$Record.class
[ERROR]       (cannot infer type-variable(s) E#1,E#2
[ERROR]     method Vector.<E#3>of(E#3[],Ring<E#3>) is not applicable
[ERROR]         (argument mismatch; no instance(s) of type variable(s) E#2 exist so that List<E#2> conforms to E#3[]))
[ERROR]     method Vector.<E#4>of(Ring<E#4>,E#4...) is not applicable
[ERROR]       (cannot infer type-variable(s) E#4
[ERROR]         (argument mismatch; no instance(s) of type variable(s) E#2 exist so that List<E#2> conforms to 
Ring<E#4>))
[ERROR]   where E#1,E#2,E#3,E#4 are type-variables:
[ERROR]     E#2 extends Object declared in method <E#2>of(E#2,E#2)
[ERROR]     E#3 extends Object declared in method <E#3>of(E#3[],Ring<E#3>)
[ERROR]     E#4 extends Object declared in method <E#4>of(Ring<E#4>,E#4...)
[ERROR]         (argument mismatch; List<List<Real>> cannot be converted to E#1[][]))
[ERROR]         (argument mismatch; Reals cannot be converted to Ring<E#2>))
[ERROR]     E#2 extends Object declared in method <E#2>of(E#2,E#2,E#2)
[ERROR]   bad class file: C:\Silvere\Encours\Developpement\Episteme\episteme-core\target\classes\org\episteme\core\math
ematics\MathConstants.class
[ERROR]     unable to access file: java.nio.file.NoSuchFileException: C:\Silvere\Encours\Developpement\Episteme\epistem
e-core\target\classes\org\episteme\core\mathematics\MathConstants.class
[ERROR]     T extends Object declared in method <T>nCopies(int,T)
[ERROR]     method Matrix.<E#1>of(E#1[][],Ring<E#1>) is not applicable
[ERROR]     method Matrix.<E#2>of(List<List<E#2>>,Ring<E#2>) is not applicable
[ERROR]   bad class file: C:\Silvere\Encours\Developpement\Episteme\episteme-core\target\classes\org\episteme\core\math
ematics\geometry\collision\SphereShape.class
[ERROR]     unable to access file: java.nio.file.NoSuchFileException: C:\Silvere\Encours\Developpement\Episteme\epistem
e-core\target\classes\org\episteme\core\mathematics\geometry\collision\SphereShape.class
[ERROR]   bad class file: C:\Silvere\Encours\Developpement\Episteme\episteme-core\target\classes\org\episteme\core\dist
ributed\MPIDistributedContext.class
[ERROR]     unable to access file: java.nio.file.NoSuchFileException: C:\Silvere\Encours\Developpement\Episteme\epistem
e-core\target\classes\org\episteme\core\distributed\MPIDistributedContext.class
[ERROR]   bad class file: C:\Silvere\Encours\Developpement\Episteme\episteme-core\target\classes\org\episteme\core\dist
ributed\LocalDistributedContext.class
[ERROR]     unable to access file: java.nio.file.NoSuchFileException: C:\Silvere\Encours\Developpement\Episteme\epistem
e-core\target\classes\org\episteme\core\distributed\LocalDistributedContext.class
[ERROR]   class file for org.episteme.core.mathematics.linearalgebra.vectors.storage.VectorStorage not found
[ERROR]   bad class file: C:\Silvere\Encours\Developpement\Episteme\episteme-core\target\classes\org\episteme\core\math
ematics\linearalgebra\matrices\solvers\QRResult.class
[ERROR]     unable to access file: java.nio.file.NoSuchFileException: C:\Silvere\Encours\Developpement\Episteme\epistem
e-core\target\classes\org\episteme\core\mathematics\linearalgebra\matrices\solvers\QRResult.class
[ERROR]   bad class file: 
C:\Silvere\Encours\Developpement\Episteme\episteme-core\target\classes\org\episteme\core\Episteme.class
[ERROR]     unable to access file: java.nio.file.NoSuchFileException: 
C:\Silvere\Encours\Developpement\Episteme\episteme-core\target\classes\org\episteme\core\Episteme.class
[ERROR]         (argument mismatch; Complexes cannot be converted to Ring<E#1>))
[ERROR]   symbol:   method multiply(DenseMatrix<Complex>)
[ERROR]   location: variable matrix of type DenseMatrix<Complex>
[ERROR]   symbol:   method trace()
[ERROR]   location: variable squared of type DenseMatrix<Complex>
[ERROR]   class file for org.episteme.core.mathematics.linearalgebra.matrices.storage.MatrixStorage not found
[ERROR]   symbol:   method rows()
[ERROR]   symbol:   method get(int,int)
[ERROR] -> [Help 1]
[ERROR] 
[ERROR] To see the full stack trace of the errors, re-run Maven with the -e switch.
[ERROR] Re-run Maven using the -X switch to enable full debug logging.
[ERROR] For more information about the errors and possible solutions, please read the following articles:
[ERROR] [Help 1] http://cwiki.apache.org/confluence/display/MAVEN/MojoFailureException
[ERROR] After correcting the problems, you can resume the build with the command
[ERROR]   mvn <args> -rf :episteme-natural


