mvn : WARNING: A restricted method in java.lang.System has been called
Au caractčre Ligne:1 : 1
+ mvn compile -pl episteme-native --no-transfer-progress > build_output ...
+ ~~~~~~~~~~~~~~~~~~~~~~~~~~~~~~~~~~~~~~~~~~~~~~~~~~~~~~~~~~~~~~~~~~~~~
    + CategoryInfo          : NotSpecified: (WARNING: A rest...has been called:String) [], RemoteException
    + FullyQualifiedErrorId : NativeCommandError
 
WARNING: java.lang.System::load has been called by org.fusesource.jansi.internal.JansiLoader in an unnamed module 
(file:/C:/Program%20Files/Apache/Maven/apache-maven-3.9.5/lib/jansi-2.4.0.jar)
WARNING: Use --enable-native-access=ALL-UNNAMED to avoid a warning for callers in this module
WARNING: Restricted methods will be blocked in a future release unless native access is enabled

WARNING: A terminally deprecated method in sun.misc.Unsafe has been called
WARNING: sun.misc.Unsafe::objectFieldOffset has been called by 
com.google.common.util.concurrent.AbstractFuture$UnsafeAtomicHelper 
(file:/C:/Program%20Files/Apache/Maven/apache-maven-3.9.5/lib/guava-32.0.1-jre.jar)
WARNING: Please consider reporting this to the maintainers of class 
com.google.common.util.concurrent.AbstractFuture$UnsafeAtomicHelper
WARNING: sun.misc.Unsafe::objectFieldOffset will be removed in a future release
[INFO] Scanning for projects...
[INFO] ------------------------------------------------------------------------
[INFO] Detecting the operating system and CPU architecture
[INFO] ------------------------------------------------------------------------
[INFO] os.detected.name: windows
[INFO] os.detected.arch: x86_64
[INFO] os.detected.bitness: 64
[INFO] os.detected.version: 10.0
[INFO] os.detected.version.major: 10
[INFO] os.detected.version.minor: 0
[INFO] os.detected.classifier: windows-x86_64
[INFO] 
[INFO] ------------< io.github.episteme-hcp:episteme-native >-------------
[INFO] Building Episteme Native 1.0.0-beta2
[INFO]   from pom.xml
[INFO] --------------------------------[ jar ]---------------------------------
[INFO] 
[INFO] --- enforcer:3.4.1:enforce (ban-conflicting-log4j-bridges) @ episteme-native ---
[INFO] Rule 0: org.apache.maven.enforcer.rules.dependency.BannedDependencies passed
[INFO] 
[INFO] --- jacoco:0.8.11:prepare-agent (prepare-agent) @ episteme-native ---
[INFO] argLine set to -javaagent:C:\\Users\\silve\\.m2\\repository\\org\\jacoco\\org.jacoco.agent\\0.8.11\\org.jacoco.agent-0.8.11-runtime.jar=destfile=C:\\Silvere\\Encours\\Developpement\\Episteme\\episteme-native\\target\\jacoco.exec,includes=org/episteme/**,excludes=com/sun/**:sun/**:jdk/**:java/**
[INFO] 
[INFO] --- jacoco:0.8.11:prepare-agent (default) @ episteme-native ---
[INFO] argLine set to -javaagent:C:\\Users\\silve\\.m2\\repository\\org\\jacoco\\org.jacoco.agent\\0.8.11\\org.jacoco.agent-0.8.11-runtime.jar=destfile=C:\\Silvere\\Encours\\Developpement\\Episteme\\episteme-native\\target\\jacoco.exec,includes=org/episteme/**,excludes=com/sun/**:sun/**:jdk/**:java/**
[INFO] 
[INFO] --- resources:3.3.1:resources (default-resources) @ episteme-native ---
[INFO] Copying 2 resources from src\main\resources to target\classes
[INFO] 
[INFO] --- flatten:1.6.0:flatten (flatten) @ episteme-native ---
[INFO] Generating flattened POM of project io.github.episteme-hcp:episteme-native:jar:1.0.0-beta2...
[INFO] 
[INFO] --- compiler:3.13.0:compile (default-compile) @ episteme-native ---
[INFO] Nothing to compile - all classes are up to date.
[INFO] ------------------------------------------------------------------------
[INFO] BUILD SUCCESS
[INFO] ------------------------------------------------------------------------
[INFO] Total time:  54.320 s
[INFO] Finished at: 2026-05-09T19:48:55+02:00
[INFO] ------------------------------------------------------------------------
