[INFO] Scanning for projects...
[INFO] ------------------------------------------------------------------------
[INFO] Detecting the operating system and CPU architecture
[INFO] ------------------------------------------------------------------------
[INFO] os.detected.name: windows
[INFO] os.detected.arch: x86_64
[INFO] os.detected.bitness: 64
[INFO] os.detected.version: 10.0
[INFO] os.detected.version.major: 10
[INFO] os.detected.version.minor: 0
[INFO] os.detected.classifier: windows-x86_64
[INFO] ------------------------------------------------------------------------
[INFO] Reactor Build Order:
[INFO] 
[INFO] Episteme Unifying Parent                                           [pom]
[INFO] Episteme Core Engine                                               [jar]
[INFO] Episteme Natural                                                   [jar]
[INFO] Episteme Social                                                    [jar]
[INFO] Episteme Native                                                    [jar]
[INFO] Episteme Server                                                    [jar]
[INFO] Episteme Client Applications                                       [jar]
[INFO] Episteme Benchmarking Suite                                        [jar]
[INFO] 
[INFO] --------------------< org.episteme:episteme-parent >--------------------
[INFO] Building Episteme Unifying Parent 1.0.0-beta1                      [1/8]
[INFO]   from pom.xml
[INFO] --------------------------------[ pom ]---------------------------------
[INFO] 
[INFO] --- enforcer:3.4.1:enforce (ban-conflicting-log4j-bridges) @ episteme-parent ---
[INFO] Rule 0: org.apache.maven.enforcer.rules.dependency.BannedDependencies passed
[INFO] 
[INFO] --- install:3.1.2:install-file (install-mpi) @ episteme-parent ---
[INFO] pom.xml not found in mpi.jar
[INFO] Installing C:\Silvere\Encours\Developpement\Episteme\libs\mpi.jar to C:\Users\silve\.m2\repository\org\mpjexpress\mpi\0.44\mpi-0.44.jar
[INFO] 
[INFO] --- install:3.1.2:install-file (install-mpj) @ episteme-parent ---
[INFO] pom.xml not found in mpj.jar
[INFO] Installing C:\Silvere\Encours\Developpement\Episteme\libs\mpj.jar to C:\Users\silve\.m2\repository\org\mpjexpress\mpj\0.44\mpj-0.44.jar
[INFO] 
[INFO] --- install:3.1.2:install-file (install-jfbx) @ episteme-parent ---
[INFO] pom.xml not found in java-fbx-loader-v1.0.jar
[INFO] Installing C:\Silvere\Encours\Developpement\Episteme\episteme-natural\lib\fbx_loader\java-fbx-loader-v1.0.jar to C:\Users\silve\.m2\repository\com\github\studygameengines\java-fbx-loader\1.0\java-fbx-loader-1.0.jar
[INFO] 
[INFO] --- install:3.1.2:install-file (install-jzy3d-all) @ episteme-parent ---
[INFO] Installing C:\Silvere\Encours\Developpement\Episteme\episteme-native\libs\jzy3d-all-2.2.2-SNAPSHOT.pom to C:\Users\silve\.m2\repository\org\jzy3d\jzy3d-all\2.2.2-SNAPSHOT\jzy3d-all-2.2.2-SNAPSHOT.pom
[INFO] 
[INFO] --- install:3.1.2:install-file (install-jzy3d-core) @ episteme-parent ---
[INFO] Installing C:\Silvere\Encours\Developpement\Episteme\episteme-native\libs\jzy3d-core-2.2.2-SNAPSHOT.jar to C:\Users\silve\.m2\repository\org\jzy3d\jzy3d-core\2.2.2-SNAPSHOT\jzy3d-core-2.2.2-SNAPSHOT.jar
[INFO] Installing C:\Users\silve\AppData\Local\Temp\mvninstall17051869328523345730.pom to C:\Users\silve\.m2\repository\org\jzy3d\jzy3d-core\2.2.2-SNAPSHOT\jzy3d-core-2.2.2-SNAPSHOT.pom
[INFO] 
[INFO] --- install:3.1.2:install-file (install-jzy3d-native-javafx) @ episteme-parent ---
[INFO] Installing C:\Silvere\Encours\Developpement\Episteme\episteme-native\libs\jzy3d-native-jogl-javafx-2.2.2-SNAPSHOT.jar to C:\Users\silve\.m2\repository\org\jzy3d\jzy3d-native-jogl-javafx\2.2.2-SNAPSHOT\jzy3d-native-jogl-javafx-2.2.2-SNAPSHOT.jar
[INFO] Installing C:\Users\silve\AppData\Local\Temp\mvninstall3810815151264916225.pom to C:\Users\silve\.m2\repository\org\jzy3d\jzy3d-native-jogl-javafx\2.2.2-SNAPSHOT\jzy3d-native-jogl-javafx-2.2.2-SNAPSHOT.pom
[INFO] 
[INFO] --- install:3.1.2:install-file (install-jzy3d-native-awt) @ episteme-parent ---
[INFO] Installing C:\Silvere\Encours\Developpement\Episteme\episteme-native\libs\jzy3d-native-jogl-awt-2.2.2-SNAPSHOT.jar to C:\Users\silve\.m2\repository\org\jzy3d\jzy3d-native-jogl-awt\2.2.2-SNAPSHOT\jzy3d-native-jogl-awt-2.2.2-SNAPSHOT.jar
[INFO] Installing C:\Users\silve\AppData\Local\Temp\mvninstall1413914652536753445.pom to C:\Users\silve\.m2\repository\org\jzy3d\jzy3d-native-jogl-awt\2.2.2-SNAPSHOT\jzy3d-native-jogl-awt-2.2.2-SNAPSHOT.pom
[INFO] 
[INFO] --- install:3.1.2:install-file (install-jzy3d-emul-gl) @ episteme-parent ---
[INFO] Installing C:\Silvere\Encours\Developpement\Episteme\episteme-core\libs\jzy3d-emul-gl-awt-2.2.2-SNAPSHOT.jar to C:\Users\silve\.m2\repository\org\jzy3d\jzy3d-emul-gl-awt\2.2.2-SNAPSHOT\jzy3d-emul-gl-awt-2.2.2-SNAPSHOT.jar
[INFO] Installing C:\Users\silve\AppData\Local\Temp\mvninstall11521060353832290492.pom to C:\Users\silve\.m2\repository\org\jzy3d\jzy3d-emul-gl-awt\2.2.2-SNAPSHOT\jzy3d-emul-gl-awt-2.2.2-SNAPSHOT.pom
[INFO] 
[INFO] --- install:3.1.2:install-file (install-jzy3d-core-awt) @ episteme-parent ---
[INFO] Installing C:\Silvere\Encours\Developpement\Episteme\episteme-core\libs\jzy3d-core-awt-2.2.2-SNAPSHOT.jar to C:\Users\silve\.m2\repository\org\jzy3d\jzy3d-core-awt\2.2.2-SNAPSHOT\jzy3d-core-awt-2.2.2-SNAPSHOT.jar
[INFO] Installing C:\Users\silve\AppData\Local\Temp\mvninstall13114432563337103483.pom to C:\Users\silve\.m2\repository\org\jzy3d\jzy3d-core-awt\2.2.2-SNAPSHOT\jzy3d-core-awt-2.2.2-SNAPSHOT.pom
[INFO] 
[INFO] ---------------------< org.episteme:episteme-core >---------------------
[INFO] Building Episteme Core Engine 1.0.0-beta1                          [2/8]
[INFO]   from episteme-core\pom.xml
[INFO] --------------------------------[ jar ]---------------------------------
[INFO] 
[INFO] --- enforcer:3.4.1:enforce (ban-conflicting-log4j-bridges) @ episteme-core ---
[INFO] Rule 0: org.apache.maven.enforcer.rules.dependency.BannedDependencies passed
[INFO] 
[INFO] --- os:1.7.1:detect (default) @ episteme-core ---
[INFO] ------------------------------------------------------------------------
[INFO] Detecting the operating system and CPU architecture
[INFO] ------------------------------------------------------------------------
[INFO] os.detected.name: windows
[INFO] os.detected.arch: x86_64
[INFO] os.detected.bitness: 64
[INFO] os.detected.version: 10.0
[INFO] os.detected.version.major: 10
[INFO] os.detected.version.minor: 0
[INFO] os.detected.classifier: windows-x86_64
[INFO] 
[INFO] --- resources:3.3.1:resources (default-resources) @ episteme-core ---
[INFO] Copying 31 resources from src\main\resources to target\classes
[INFO] Copying 2 resources from src\main\resources to target\classes
[INFO] The encoding used to copy filtered properties files have not been set. This means that the same encoding will be used to copy filtered properties files as when copying other filtered resources. This might not be what you want! Run your build with --debug to see which files might be affected. Read more at https://maven.apache.org/plugins/maven-resources-plugin/examples/filtering-properties-files.html
[INFO] 
[INFO] --- compiler:3.13.0:compile (default-compile) @ episteme-core ---
[INFO] Nothing to compile - all classes are up to date.
[INFO] 
[INFO] --- resources:3.3.1:testResources (default-testResources) @ episteme-core ---
[INFO] Copying 1 resource from src\test\resources to target\test-classes
[INFO] 
[INFO] --- compiler:3.13.0:testCompile (default-testCompile) @ episteme-core ---
[INFO] Nothing to compile - all classes are up to date.
[INFO] 
[INFO] --- surefire:3.2.5:test (default-test) @ episteme-core ---
[INFO] ------------------------------------------------------------------------
[INFO] Reactor Summary for Episteme Unifying Parent 1.0.0-beta1:
[INFO] 
[INFO] Episteme Unifying Parent ........................... SUCCESS [  1.114 s]
[INFO] Episteme Core Engine ............................... FAILURE [  9.175 s]
[INFO] Episteme Natural ................................... SKIPPED
[INFO] Episteme Social .................................... SKIPPED
[INFO] Episteme Native .................................... SKIPPED
[INFO] Episteme Server .................................... SKIPPED
[INFO] Episteme Client Applications ....................... SKIPPED
[INFO] Episteme Benchmarking Suite ........................ SKIPPED
[INFO] ------------------------------------------------------------------------
[INFO] BUILD FAILURE
[INFO] ------------------------------------------------------------------------
[INFO] Total time:  12.125 s
[INFO] Finished at: 2026-04-13T20:13:26+02:00
[INFO] ------------------------------------------------------------------------
[ERROR] Failed to execute goal org.apache.maven.plugins:maven-surefire-plugin:3.2.5:test (default-test) on project episteme-core: No tests matching pattern "LinearAlgebraComplianceTest" were executed! (Set -Dsurefire.failIfNoSpecifiedTests=false to ignore this error.) -> [Help 1]
[ERROR] 
[ERROR] To see the full stack trace of the errors, re-run Maven with the -e switch.
[ERROR] Re-run Maven using the -X switch to enable full debug logging.
[ERROR] 
[ERROR] For more information about the errors and possible solutions, please read the following articles:
[ERROR] [Help 1] http://cwiki.apache.org/confluence/display/MAVEN/MojoFailureException
[ERROR] 
[ERROR] After correcting the problems, you can resume the build with the command
[ERROR]   mvn <args> -rf :episteme-core
